
  [30;43;1m WARN [39;49;22m Metadata found in doc-comment for method Tests\Unit\OrderModelTest::requires_approval_returns_true_for_delivery_orders(). Metadata in doc-comments is deprecated and will no longer be supported in PHPUnit 12. Update your test code to use attributes instead.

  [30;43;1m WARN [39;49;22m Metadata found in doc-comment for method Tests\Unit\OrderModelTest::requires_approval_returns_true_for_pickup_orders(). Metadata in doc-comments is deprecated and will no longer be supported in PHPUnit 12. Update your test code to use attributes instead.

  [30;43;1m WARN [39;49;22m Metadata found in doc-comment for method Tests\Unit\OrderModelTest::requires_approval_returns_false_for_dine_in_orders(). Metadata in doc-comments is deprecated and will no longer be supported in PHPUnit 12. Update your test code to use attributes instead.

  [30;43;1m WARN [39;49;22m Metadata found in doc-comment for method Tests\Unit\OrderModelTest::requires_approval_returns_false_for_auto_approved_orders(). Metadata in doc-comments is deprecated and will no longer be supported in PHPUnit 12. Update your test code to use attributes instead.

  [30;43;1m WARN [39;49;22m Metadata found in doc-comment for method Tests\Unit\OrderModelTest::approve_method_updates_order_correctly(). Metadata in doc-comments is deprecated and will no longer be supported in PHPUnit 12. Update your test code to use attributes instead.

  [30;43;1m WARN [39;49;22m Metadata found in doc-comment for method Tests\Unit\OrderModelTest::reject_method_updates_order_correctly(). Metadata in doc-comments is deprecated and will no longer be supported in PHPUnit 12. Update your test code to use attributes instead.

  [30;43;1m WARN [39;49;22m Metadata found in doc-comment for method Tests\Unit\OrderModelTest::is_pending_approval_returns_true_for_pending_orders(). Metadata in doc-comments is deprecated and will no longer be supported in PHPUnit 12. Update your test code to use attributes instead.

  [30;43;1m WARN [39;49;22m Metadata found in doc-comment for method Tests\Unit\OrderModelTest::is_approved_returns_true_for_approved_orders(). Metadata in doc-comments is deprecated and will no longer be supported in PHPUnit 12. Update your test code to use attributes instead.

  [30;43;1m WARN [39;49;22m Metadata found in doc-comment for method Tests\Unit\OrderModelTest::is_rejected_returns_true_for_rejected_orders(). Metadata in doc-comments is deprecated and will no longer be supported in PHPUnit 12. Update your test code to use attributes instead.

  [30;43;1m WARN [39;49;22m Metadata found in doc-comment for method Tests\Unit\OrderModelTest::approved_by_relationship_works(). Metadata in doc-comments is deprecated and will no longer be supported in PHPUnit 12. Update your test code to use attributes instead.

  [30;43;1m WARN [39;49;22m Metadata found in doc-comment for method Tests\Feature\Api\DriverOrderControllerTest::driver_can_view_available_orders(). Metadata in doc-comments is deprecated and will no longer be supported in PHPUnit 12. Update your test code to use attributes instead.

  [30;43;1m WARN [39;49;22m Metadata found in doc-comment for method Tests\Feature\Api\DriverOrderControllerTest::driver_can_view_own_active_deliveries(). Metadata in doc-comments is deprecated and will no longer be supported in PHPUnit 12. Update your test code to use attributes instead.

  [30;43;1m WARN [39;49;22m Metadata found in doc-comment for method Tests\Feature\Api\DriverOrderControllerTest::driver_can_claim_unclaimed_order(). Metadata in doc-comments is deprecated and will no longer be supported in PHPUnit 12. Update your test code to use attributes instead.

  [30;43;1m WARN [39;49;22m Metadata found in doc-comment for method Tests\Feature\Api\DriverOrderControllerTest::driver_cannot_claim_already_claimed_order(). Metadata in doc-comments is deprecated and will no longer be supported in PHPUnit 12. Update your test code to use attributes instead.

  [30;43;1m WARN [39;49;22m Metadata found in doc-comment for method Tests\Feature\Api\DriverOrderControllerTest::driver_can_update_status_to_completed(). Metadata in doc-comments is deprecated and will no longer be supported in PHPUnit 12. Update your test code to use attributes instead.

  [30;43;1m WARN [39;49;22m Metadata found in doc-comment for method Tests\Feature\Api\DriverOrderControllerTest::driver_can_mark_order_as_completed(). Metadata in doc-comments is deprecated and will no longer be supported in PHPUnit 12. Update your test code to use attributes instead.

  [30;43;1m WARN [39;49;22m Metadata found in doc-comment for method Tests\Feature\Api\DriverOrderControllerTest::driver_cannot_update_other_drivers_order(). Metadata in doc-comments is deprecated and will no longer be supported in PHPUnit 12. Update your test code to use attributes instead.

  [30;43;1m WARN [39;49;22m Metadata found in doc-comment for method Tests\Feature\Api\DriverOrderControllerTest::driver_api_requires_authentication(). Metadata in doc-comments is deprecated and will no longer be supported in PHPUnit 12. Update your test code to use attributes instead.

  [30;43;1m WARN [39;49;22m Metadata found in doc-comment for method Tests\Feature\Api\KitchenControllerTest::kitchen_index_returns_pending_and_preparing_orders(). Metadata in doc-comments is deprecated and will no longer be supported in PHPUnit 12. Update your test code to use attributes instead.

  [30;43;1m WARN [39;49;22m Metadata found in doc-comment for method Tests\Feature\Api\KitchenControllerTest::kitchen_index_excludes_completed_and_cancelled_orders(). Metadata in doc-comments is deprecated and will no longer be supported in PHPUnit 12. Update your test code to use attributes instead.

  [30;43;1m WARN [39;49;22m Metadata found in doc-comment for method Tests\Feature\Api\KitchenControllerTest::kitchen_update_status_transitions_correctly(). Metadata in doc-comments is deprecated and will no longer be supported in PHPUnit 12. Update your test code to use attributes instead.

  [30;43;1m WARN [39;49;22m Metadata found in doc-comment for method Tests\Feature\Api\KitchenControllerTest::kitchen_update_status_to_ready_works(). Metadata in doc-comments is deprecated and will no longer be supported in PHPUnit 12. Update your test code to use attributes instead.

  [30;43;1m WARN [39;49;22m Metadata found in doc-comment for method Tests\Feature\Api\KitchenControllerTest::kitchen_update_status_validates_allowed_statuses(). Metadata in doc-comments is deprecated and will no longer be supported in PHPUnit 12. Update your test code to use attributes instead.

  [30;43;1m WARN [39;49;22m Metadata found in doc-comment for method Tests\Feature\Api\KitchenControllerTest::kitchen_update_status_requires_authentication(). Metadata in doc-comments is deprecated and will no longer be supported in PHPUnit 12. Update your test code to use attributes instead.

  [30;43;1m WARN [39;49;22m Metadata found in doc-comment for method Tests\Feature\Api\KitchenControllerTest::kitchen_index_orders_sorted_by_oldest_first(). Metadata in doc-comments is deprecated and will no longer be supported in PHPUnit 12. Update your test code to use attributes instead.

  [30;43;1m WARN [39;49;22m Metadata found in doc-comment for method Tests\Feature\DatabaseIntegrityTest::customer_requests_table_does_not_exist(). Metadata in doc-comments is deprecated and will no longer be supported in PHPUnit 12. Update your test code to use attributes instead.

  [30;43;1m WARN [39;49;22m Metadata found in doc-comment for method Tests\Feature\DatabaseIntegrityTest::orders_table_has_approval_columns(). Metadata in doc-comments is deprecated and will no longer be supported in PHPUnit 12. Update your test code to use attributes instead.

  [30;43;1m WARN [39;49;22m Metadata found in doc-comment for method Tests\Feature\DatabaseIntegrityTest::customer_request_model_does_not_exist(). Metadata in doc-comments is deprecated and will no longer be supported in PHPUnit 12. Update your test code to use attributes instead.

  [30;43;1m WARN [39;49;22m Metadata found in doc-comment for method Tests\Feature\DatabaseIntegrityTest::customer_request_controller_does_not_exist(). Metadata in doc-comments is deprecated and will no longer be supported in PHPUnit 12. Update your test code to use attributes instead.

  [30;43;1m WARN [39;49;22m Metadata found in doc-comment for method Tests\Feature\OrderApprovalTest::admin_can_approve_pending_order(). Metadata in doc-comments is deprecated and will no longer be supported in PHPUnit 12. Update your test code to use attributes instead.

  [30;43;1m WARN [39;49;22m Metadata found in doc-comment for method Tests\Feature\OrderApprovalTest::admin_can_reject_pending_order(). Metadata in doc-comments is deprecated and will no longer be supported in PHPUnit 12. Update your test code to use attributes instead.

  [30;43;1m WARN [39;49;22m Metadata found in doc-comment for method Tests\Feature\OrderApprovalTest::cannot_approve_already_approved_order(). Metadata in doc-comments is deprecated and will no longer be supported in PHPUnit 12. Update your test code to use attributes instead.

  [30;43;1m WARN [39;49;22m Metadata found in doc-comment for method Tests\Feature\OrderApprovalTest::rejection_requires_reason(). Metadata in doc-comments is deprecated and will no longer be supported in PHPUnit 12. Update your test code to use attributes instead.

  [30;43;1m WARN [39;49;22m Metadata found in doc-comment for method Tests\Feature\OrderApprovalTest::rejection_reason_must_be_at_least_10_characters(). Metadata in doc-comments is deprecated and will no longer be supported in PHPUnit 12. Update your test code to use attributes instead.

  [30;43;1m WARN [39;49;22m Metadata found in doc-comment for method Tests\Feature\OrderApprovalTest::can_list_pending_approval_orders(). Metadata in doc-comments is deprecated and will no longer be supported in PHPUnit 12. Update your test code to use attributes instead.

  [30;43;1m WARN [39;49;22m Metadata found in doc-comment for method Tests\Feature\OrderApprovalTest::can_filter_pending_orders_by_location(). Metadata in doc-comments is deprecated and will no longer be supported in PHPUnit 12. Update your test code to use attributes instead.

  [30;43;1m WARN [39;49;22m Metadata found in doc-comment for method Tests\Feature\Performance\QueryCountTest::order_index_has_no_n_plus_1_queries(). Metadata in doc-comments is deprecated and will no longer be supported in PHPUnit 12. Update your test code to use attributes instead.

  [30;43;1m WARN [39;49;22m Metadata found in doc-comment for method Tests\Feature\Performance\QueryCountTest::order_show_has_minimal_queries(). Metadata in doc-comments is deprecated and will no longer be supported in PHPUnit 12. Update your test code to use attributes instead.

  [30;43;1m WARN [39;49;22m Metadata found in doc-comment for method Tests\Feature\Performance\QueryCountTest::invoice_index_has_no_n_plus_1_queries(). Metadata in doc-comments is deprecated and will no longer be supported in PHPUnit 12. Update your test code to use attributes instead.

  [30;43;1m WARN [39;49;22m Metadata found in doc-comment for method Tests\Feature\Performance\QueryCountTest::customer_order_history_has_no_n_plus_1(). Metadata in doc-comments is deprecated and will no longer be supported in PHPUnit 12. Update your test code to use attributes instead.

  [30;43;1m WARN [39;49;22m Metadata found in doc-comment for method Tests\Feature\Performance\QueryCountTest::menu_items_index_has_no_n_plus_1(). Metadata in doc-comments is deprecated and will no longer be supported in PHPUnit 12. Update your test code to use attributes instead.

  [30;43;1m WARN [39;49;22m Metadata found in doc-comment for method Tests\Feature\Performance\QueryCountTest::query_count_remains_constant_with_more_data(). Metadata in doc-comments is deprecated and will no longer be supported in PHPUnit 12. Update your test code to use attributes instead.

  [30;43;1m WARN [39;49;22m Metadata found in doc-comment for method Tests\Feature\Performance\QueryCountTest::no_duplicate_queries_in_order_index(). Metadata in doc-comments is deprecated and will no longer be supported in PHPUnit 12. Update your test code to use attributes instead.

  [30;43;1m WARN [39;49;22m Metadata found in doc-comment for method Tests\Feature\Security\MassAssignmentTest::order_model_prevents_payment_status_mass_assignment(). Metadata in doc-comments is deprecated and will no longer be supported in PHPUnit 12. Update your test code to use attributes instead.

  [30;43;1m WARN [39;49;22m Metadata found in doc-comment for method Tests\Feature\Security\MassAssignmentTest::order_model_prevents_approved_by_manipulation(). Metadata in doc-comments is deprecated and will no longer be supported in PHPUnit 12. Update your test code to use attributes instead.

  [30;43;1m WARN [39;49;22m Metadata found in doc-comment for method Tests\Feature\Security\MassAssignmentTest::order_model_allows_safe_fields(). Metadata in doc-comments is deprecated and will no longer be supported in PHPUnit 12. Update your test code to use attributes instead.

  [30;43;1m WARN [39;49;22m Metadata found in doc-comment for method Tests\Feature\Security\MassAssignmentTest::payment_service_can_still_update_payment_status(). Metadata in doc-comments is deprecated and will no longer be supported in PHPUnit 12. Update your test code to use attributes instead.

  [30;43;1m WARN [39;49;22m Metadata found in doc-comment for method Tests\Feature\Security\PaymentSecurityTest::prevents_double_payment_for_same_order(). Metadata in doc-comments is deprecated and will no longer be supported in PHPUnit 12. Update your test code to use attributes instead.

  [30;43;1m WARN [39;49;22m Metadata found in doc-comment for method Tests\Feature\Security\PaymentSecurityTest::prevents_modification_of_completed_payment(). Metadata in doc-comments is deprecated and will no longer be supported in PHPUnit 12. Update your test code to use attributes instead.

  [30;43;1m WARN [39;49;22m Metadata found in doc-comment for method Tests\Feature\Security\PaymentSecurityTest::cannot_pay_more_than_order_total(). Metadata in doc-comments is deprecated and will no longer be supported in PHPUnit 12. Update your test code to use attributes instead.

  [30;43;1m WARN [39;49;22m Metadata found in doc-comment for method Tests\Feature\Security\SqlInjectionTest::reports_revenue_expenses_blocks_sql_injection_in_date_filter(). Metadata in doc-comments is deprecated and will no longer be supported in PHPUnit 12. Update your test code to use attributes instead.

  [30;43;1m WARN [39;49;22m Metadata found in doc-comment for method Tests\Feature\Security\SqlInjectionTest::reports_usage_rates_does_not_expose_sql_errors(). Metadata in doc-comments is deprecated and will no longer be supported in PHPUnit 12. Update your test code to use attributes instead.

  [30;43;1m WARN [39;49;22m Metadata found in doc-comment for method Tests\Feature\Security\SqlInjectionTest::all_db_raw_usages_are_documented_or_safe(). Metadata in doc-comments is deprecated and will no longer be supported in PHPUnit 12. Update your test code to use attributes instead.

  [30;43;1m WARN [39;49;22m Metadata found in doc-comment for method Tests\Feature\Security\TelegramAuthSecurityTest::cannot_authenticate_via_x_telegram_user_id_header(). Metadata in doc-comments is deprecated and will no longer be supported in PHPUnit 12. Update your test code to use attributes instead.

  [30;43;1m WARN [39;49;22m Metadata found in doc-comment for method Tests\Feature\Security\TelegramAuthSecurityTest::cannot_authenticate_via_telegram_user_id_query_param(). Metadata in doc-comments is deprecated and will no longer be supported in PHPUnit 12. Update your test code to use attributes instead.

  [30;43;1m WARN [39;49;22m Metadata found in doc-comment for method Tests\Feature\Security\TelegramAuthSecurityTest::cannot_authenticate_via_telegram_referer_header(). Metadata in doc-comments is deprecated and will no longer be supported in PHPUnit 12. Update your test code to use attributes instead.

  [30;43;1m WARN [39;49;22m Metadata found in doc-comment for method Tests\Feature\Security\TelegramAuthSecurityTest::cannot_authenticate_via_tgWebAppPlatform_query_param(). Metadata in doc-comments is deprecated and will no longer be supported in PHPUnit 12. Update your test code to use attributes instead.

  [30;43;1m WARN [39;49;22m Metadata found in doc-comment for method Tests\Feature\Security\TelegramAuthSecurityTest::cannot_combine_bypass_vectors_for_authentication(). Metadata in doc-comments is deprecated and will no longer be supported in PHPUnit 12. Update your test code to use attributes instead.

  [30;43;1m WARN [39;49;22m Metadata found in doc-comment for method Tests\Feature\Security\TelegramAuthSecurityTest::valid_session_based_telegram_auth_still_works(). Metadata in doc-comments is deprecated and will no longer be supported in PHPUnit 12. Update your test code to use attributes instead.

  [30;43;1m WARN [39;49;22m Metadata found in doc-comment for method Tests\Feature\Security\WebhookSecurityTest::payment_webhook_rejects_unsigned_request(). Metadata in doc-comments is deprecated and will no longer be supported in PHPUnit 12. Update your test code to use attributes instead.

  [30;43;1m WARN [39;49;22m Metadata found in doc-comment for method Tests\Feature\Security\WebhookSecurityTest::payment_webhook_rejects_invalid_signature(). Metadata in doc-comments is deprecated and will no longer be supported in PHPUnit 12. Update your test code to use attributes instead.

  [30;43;1m WARN [39;49;22m Metadata found in doc-comment for method Tests\Feature\Security\WebhookSecurityTest::stripe_webhook_rejects_without_signature(). Metadata in doc-comments is deprecated and will no longer be supported in PHPUnit 12. Update your test code to use attributes instead.

  [30;43;1m WARN [39;49;22m Metadata found in doc-comment for method Tests\Feature\Security\WebhookSecurityTest::stripe_webhook_rejects_invalid_signature(). Metadata in doc-comments is deprecated and will no longer be supported in PHPUnit 12. Update your test code to use attributes instead.

  [30;43;1m WARN [39;49;22m Metadata found in doc-comment for method Tests\Feature\Security\WebhookSecurityTest::stripe_webhook_rejects_expired_timestamp(). Metadata in doc-comments is deprecated and will no longer be supported in PHPUnit 12. Update your test code to use attributes instead.

  [30;43;1m WARN [39;49;22m Metadata found in doc-comment for method Tests\Feature\UnifiedIdentityTest::user_can_login_with_email_and_password(). Metadata in doc-comments is deprecated and will no longer be supported in PHPUnit 12. Update your test code to use attributes instead.

  [30;43;1m WARN [39;49;22m Metadata found in doc-comment for method Tests\Feature\UnifiedIdentityTest::telegram_user_auto_creates_account(). Metadata in doc-comments is deprecated and will no longer be supported in PHPUnit 12. Update your test code to use attributes instead.

  [30;43;1m WARN [39;49;22m Metadata found in doc-comment for method Tests\Feature\UnifiedIdentityTest::user_with_multiple_auth_methods_works(). Metadata in doc-comments is deprecated and will no longer be supported in PHPUnit 12. Update your test code to use attributes instead.

  [30;43;1m WARN [39;49;22m Metadata found in doc-comment for method Tests\Feature\UnifiedIdentityTest::user_profile_has_loyalty_points(). Metadata in doc-comments is deprecated and will no longer be supported in PHPUnit 12. Update your test code to use attributes instead.

  [30;43;1m WARN [39;49;22m Metadata found in doc-comment for method Tests\Feature\UnifiedIdentityTest::user_profile_tier_upgrades_automatically(). Metadata in doc-comments is deprecated and will no longer be supported in PHPUnit 12. Update your test code to use attributes instead.

  [30;43;1m WARN [39;49;22m Metadata found in doc-comment for method Tests\Feature\UnifiedIdentityTest::user_can_have_multiple_addresses(). Metadata in doc-comments is deprecated and will no longer be supported in PHPUnit 12. Update your test code to use attributes instead.

  [30;43;1m WARN [39;49;22m Metadata found in doc-comment for method Tests\Feature\UnifiedIdentityTest::user_query_scopes_work(). Metadata in doc-comments is deprecated and will no longer be supported in PHPUnit 12. Update your test code to use attributes instead.

  [30;43;1m WARN [39;49;22m Metadata found in doc-comment for method Tests\Feature\UnifiedIdentityTest::telegram_scope_finds_user_by_telegram_id(). Metadata in doc-comments is deprecated and will no longer be supported in PHPUnit 12. Update your test code to use attributes instead.

  [30;43;1m WARN [39;49;22m Metadata found in doc-comment for method Tests\Feature\UnifiedIdentityTest::user_profile_generates_unique_customer_code(). Metadata in doc-comments is deprecated and will no longer be supported in PHPUnit 12. Update your test code to use attributes instead.

  [30;43;1m WARN [39;49;22m Metadata found in doc-comment for method Tests\Feature\UnifiedIdentityTest::user_authentication_helper_methods_work(). Metadata in doc-comments is deprecated and will no longer be supported in PHPUnit 12. Update your test code to use attributes instead.

  [30;43;1m WARN [39;49;22m Metadata found in doc-comment for method Tests\Feature\UnifiedIdentityTest::user_orders_relationship_works(). Metadata in doc-comments is deprecated and will no longer be supported in PHPUnit 12. Update your test code to use attributes instead.

  [30;43;1m WARN [39;49;22m Metadata found in doc-comment for method Tests\Feature\UnifiedIdentityTest::user_profile_points_can_be_deducted(). Metadata in doc-comments is deprecated and will no longer be supported in PHPUnit 12. Update your test code to use attributes instead.

  [30;43;1m WARN [39;49;22m Metadata found in doc-comment for method Tests\Feature\UnifiedIdentityTest::cannot_deduct_more_points_than_balance(). Metadata in doc-comments is deprecated and will no longer be supported in PHPUnit 12. Update your test code to use attributes instead.

  [39;41;1m FAIL [39;49;22m[39m Tests\Feature\TelegramGuestOrderTest[39m
  [31;1m⨯[39;22m[90m [39m[90mguest can pla[39m[90m…[39m [90m20.22s[39m  
  [31m───────────────────────[39m  
  [41;1m FAILED [49;22m [1mT[22m… [41;1m TypeError [49;22m  
[39;1m  Illuminate\Foundation\Testing\TestCase::actingAs(): Argument #1 ($user) must be of type Illuminate\Contracts\Auth\Authenticatable, App\Models\TelegramUser given, called in E:\promgramming\NKH_WebApp\tests\Feature\TelegramGuestOrderTest.php on line 76[39;22m

  at [32mtests\Feature\TelegramGuestOrderTest.php[39m:[32m76[39m
     72▕     protected function actingAsTelegramUser($user)
     73▕     {
     74▕         return $this->withHeaders([
     75▕             'X-Telegram-User-ID' => $user->telegram_id,
  ➜  76▕         ])->actingAs($user, 'telegram'); // Assuming guard is set or handle via header mock
     77▕     }
     78▕ }
     79▕

  [33m1   [39m[39;1mtests\Feature\TelegramGuestOrderTest.php[39;22m:[39;1m49[39;22m


  [90mTests:[39m    [31;1m1 failed[39;22m[90m (0 assertions)[39m
  [90mDuration:[39m [39m20.47s[39m

