resources/js/app/layouts/CustomerLayout.tsx(171,23): error TS2322: Type 'ReactNode' is not assignable to type 'Key | null | undefined'.
  Type 'false' is not assignable to type 'Key | null | undefined'.
resources/js/app/layouts/CustomerLayout.tsx(252,21): error TS2322: Type 'ReactNode' is not assignable to type 'Key | null | undefined'.
  Type 'false' is not assignable to type 'Key | null | undefined'.
resources/js/Pages/admin/Admins.tsx(24,123): error TS2304: Cannot find name 't'.
resources/js/Pages/admin/Admins.tsx(33,123): error TS2304: Cannot find name 't'.
resources/js/Pages/admin/Admins.tsx(42,123): error TS2304: Cannot find name 't'.
resources/js/Pages/admin/Configuration/Index.tsx(128,30): error TS2533: Object is possibly 'null' or 'undefined'.
resources/js/Pages/admin/Configuration/Index.tsx(128,73): error TS2339: Property 'replace' does not exist on type 'string | number | boolean | ReactElement<any, string | JSXElementConstructor<any>> | Iterable<ReactNode> | ReactPortal'.
  Property 'replace' does not exist on type 'number'.
resources/js/Pages/admin/Configuration/Index.tsx(296,19): error TS2322: Type 'ReactNode' is not assignable to type 'string | undefined'.
  Type 'null' is not assignable to type 'string | undefined'.
resources/js/Pages/admin/FinancialDashboard.tsx(214,33): error TS2322: Type 'ReactNode' is not assignable to type 'Key | null | undefined'.
  Type 'false' is not assignable to type 'Key | null | undefined'.
resources/js/Pages/admin/FinancialDashboard.tsx(258,119): error TS2322: Type 'ReactNode' is not assignable to type 'string | undefined'.
  Type 'null' is not assignable to type 'string | undefined'.
resources/js/Pages/admin/FinancialDashboard.tsx(259,120): error TS2322: Type 'ReactNode' is not assignable to type 'string | undefined'.
  Type 'null' is not assignable to type 'string | undefined'.
resources/js/Pages/admin/FinancialDashboard.tsx(260,117): error TS2322: Type 'ReactNode' is not assignable to type 'string | undefined'.
  Type 'null' is not assignable to type 'string | undefined'.
resources/js/Pages/admin/Ingredients.tsx(288,40): error TS2322: Type 'ReactNode' is not assignable to type 'string | undefined'.
  Type 'null' is not assignable to type 'string | undefined'.
resources/js/Pages/admin/Inventory.tsx(167,22): error TS2322: Type 'ReactNode' is not assignable to type 'string | undefined'.
  Type 'null' is not assignable to type 'string | undefined'.
resources/js/Pages/admin/Inventory.tsx(324,14): error TS2322: Type 'ReactNode' is not assignable to type 'string | undefined'.
  Type 'null' is not assignable to type 'string | undefined'.
resources/js/Pages/admin/Inventory.tsx(325,14): error TS2322: Type 'ReactNode' is not assignable to type 'string | undefined'.
  Type 'null' is not assignable to type 'string | undefined'.
resources/js/Pages/admin/Inventory.tsx(360,16): error TS2322: Type 'ReactNode' is not assignable to type 'string | undefined'.
  Type 'null' is not assignable to type 'string | undefined'.
resources/js/Pages/admin/Inventory.tsx(372,14): error TS2322: Type 'ReactNode' is not assignable to type 'string | undefined'.
  Type 'null' is not assignable to type 'string | undefined'.
resources/js/Pages/admin/LoyaltyPoints.tsx(146,37): error TS2345: Argument of type 'ReactNode' is not assignable to parameter of type 'string'.
  Type 'undefined' is not assignable to type 'string'.
resources/js/Pages/admin/LoyaltyPoints.tsx(152,37): error TS2345: Argument of type 'ReactNode' is not assignable to parameter of type 'string'.
  Type 'undefined' is not assignable to type 'string'.
resources/js/Pages/admin/LoyaltyPoints.tsx(158,37): error TS2345: Argument of type 'ReactNode' is not assignable to parameter of type 'string'.
  Type 'undefined' is not assignable to type 'string'.
resources/js/Pages/admin/LoyaltyPoints.tsx(250,22): error TS2322: Type 'ReactNode' is not assignable to type 'string | undefined'.
  Type 'null' is not assignable to type 'string | undefined'.
resources/js/Pages/admin/LoyaltyPoints.tsx(342,76): error TS2345: Argument of type 'ReactNode' is not assignable to parameter of type 'string | undefined'.
  Type 'null' is not assignable to type 'string | undefined'.
resources/js/Pages/admin/LoyaltyPoints.tsx(379,78): error TS2345: Argument of type 'ReactNode' is not assignable to parameter of type 'string | undefined'.
  Type 'null' is not assignable to type 'string | undefined'.
resources/js/Pages/admin/LoyaltyPoints.tsx(422,20): error TS2322: Type 'ReactNode' is not assignable to type 'string | undefined'.
  Type 'null' is not assignable to type 'string | undefined'.
resources/js/Pages/admin/LoyaltyPoints.tsx(422,213): error TS2322: Type 'ReactNode' is not assignable to type 'string | undefined'.
  Type 'null' is not assignable to type 'string | undefined'.
resources/js/Pages/admin/LoyaltyPoints.tsx(423,20): error TS2322: Type 'ReactNode' is not assignable to type 'string | undefined'.
  Type 'null' is not assignable to type 'string | undefined'.
resources/js/Pages/admin/LoyaltyPoints.tsx(428,278): error TS2322: Type 'ReactNode' is not assignable to type 'string | undefined'.
  Type 'null' is not assignable to type 'string | undefined'.
resources/js/Pages/admin/Notifications.tsx(26,111): error TS2304: Cannot find name 't'.
resources/js/Pages/admin/Notifications.tsx(35,111): error TS2304: Cannot find name 't'.
resources/js/Pages/admin/Notifications.tsx(44,111): error TS2304: Cannot find name 't'.
resources/js/Pages/admin/Notifications.tsx(53,111): error TS2304: Cannot find name 't'.
resources/js/Pages/admin/PaymentsDashboard.tsx(107,66): error TS2554: Expected 1-2 arguments, but got 3.
resources/js/Pages/admin/PaymentsDashboard.tsx(238,37): error TS2322: Type 'ReactNode' is not assignable to type 'string | undefined'.
  Type 'null' is not assignable to type 'string | undefined'.
resources/js/Pages/admin/PaymentsDashboard.tsx(327,57): error TS2322: Type 'ReactNode' is not assignable to type 'string | undefined'.
  Type 'null' is not assignable to type 'string | undefined'.
resources/js/Pages/admin/Promotions.tsx(156,37): error TS2345: Argument of type 'ReactNode' is not assignable to parameter of type 'string'.
  Type 'undefined' is not assignable to type 'string'.
resources/js/Pages/admin/Promotions.tsx(162,37): error TS2345: Argument of type 'ReactNode' is not assignable to parameter of type 'string'.
  Type 'undefined' is not assignable to type 'string'.
resources/js/Pages/admin/Promotions.tsx(168,37): error TS2345: Argument of type 'ReactNode' is not assignable to parameter of type 'string'.
  Type 'undefined' is not assignable to type 'string'.
resources/js/Pages/admin/Promotions.tsx(206,17): error TS2345: Argument of type 'ReactNode' is not assignable to parameter of type 'string | undefined'.
  Type 'null' is not assignable to type 'string | undefined'.
resources/js/Pages/admin/Promotions.tsx(274,22): error TS2322: Type 'ReactNode' is not assignable to type 'string | undefined'.
  Type 'null' is not assignable to type 'string | undefined'.
resources/js/Pages/admin/Promotions.tsx(427,97): error TS2533: Object is possibly 'null' or 'undefined'.
resources/js/Pages/admin/Promotions.tsx(427,137): error TS2339: Property 'replace' does not exist on type 'string | number | boolean | ReactElement<any, string | JSXElementConstructor<any>> | Iterable<ReactNode> | ReactPortal'.
  Property 'replace' does not exist on type 'number'.
resources/js/Pages/admin/PurchaseOrders.tsx(303,40): error TS2322: Type 'ReactNode' is not assignable to type 'string | undefined'.
  Type 'null' is not assignable to type 'string | undefined'.
resources/js/Pages/admin/PurchaseOrders.tsx(568,71): error TS2533: Object is possibly 'null' or 'undefined'.
resources/js/Pages/admin/PurchaseOrders.tsx(568,124): error TS2339: Property 'replace' does not exist on type 'string | number | boolean | ReactElement<any, string | JSXElementConstructor<any>> | Iterable<ReactNode> | ReactPortal'.
  Property 'replace' does not exist on type 'number'.
resources/js/Pages/admin/Suppliers.tsx(209,21): error TS2345: Argument of type 'ReactNode' is not assignable to parameter of type 'string | undefined'.
  Type 'null' is not assignable to type 'string | undefined'.
resources/js/Pages/admin/Suppliers.tsx(261,36): error TS2322: Type 'ReactNode' is not assignable to type 'string | undefined'.
  Type 'null' is not assignable to type 'string | undefined'.
resources/js/Pages/admin/Suppliers.tsx(428,32): error TS2322: Type 'ReactNode' is not assignable to type 'string | undefined'.
  Type 'null' is not assignable to type 'string | undefined'.
resources/js/Pages/admin/Suppliers.tsx(429,32): error TS2322: Type 'ReactNode' is not assignable to type 'string | undefined'.
  Type 'null' is not assignable to type 'string | undefined'.
resources/js/Pages/admin/Suppliers.tsx(453,32): error TS2322: Type 'ReactNode' is not assignable to type 'string | undefined'.
  Type 'null' is not assignable to type 'string | undefined'.
resources/js/Pages/admin/Suppliers.tsx(454,32): error TS2322: Type 'ReactNode' is not assignable to type 'string | undefined'.
  Type 'null' is not assignable to type 'string | undefined'.
resources/js/Pages/admin/Suppliers.tsx(457,32): error TS2322: Type 'ReactNode' is not assignable to type 'string | undefined'.
  Type 'null' is not assignable to type 'string | undefined'.
resources/js/Pages/admin/Suppliers.tsx(458,32): error TS2322: Type 'ReactNode' is not assignable to type 'string | undefined'.
  Type 'null' is not assignable to type 'string | undefined'.
resources/js/Pages/admin/Suppliers.tsx(460,28): error TS2322: Type 'ReactNode' is not assignable to type 'string | undefined'.
  Type 'null' is not assignable to type 'string | undefined'.
resources/js/Pages/admin/Translations.tsx(146,26): error TS2345: Argument of type 'ReactNode' is not assignable to parameter of type 'string'.
  Type 'undefined' is not assignable to type 'string'.
resources/js/Pages/admin/Translations.tsx(150,35): error TS2345: Argument of type 'ReactNode' is not assignable to parameter of type 'string'.
  Type 'undefined' is not assignable to type 'string'.
resources/js/Pages/admin/Translations.tsx(242,40): error TS2322: Type 'ReactNode' is not assignable to type 'string | undefined'.
  Type 'null' is not assignable to type 'string | undefined'.
resources/js/Pages/admin/Translations.tsx(310,53): error TS2322: Type 'ReactNode' is not assignable to type 'string | undefined'.
  Type 'null' is not assignable to type 'string | undefined'.
resources/js/Pages/admin/Translations.tsx(319,53): error TS2322: Type 'ReactNode' is not assignable to type 'string | undefined'.
  Type 'null' is not assignable to type 'string | undefined'.
resources/js/Pages/admin/Translations.tsx(332,53): error TS2322: Type 'ReactNode' is not assignable to type 'string | undefined'.
  Type 'null' is not assignable to type 'string | undefined'.
resources/js/Pages/admin/Translations.tsx(341,53): error TS2322: Type 'ReactNode' is not assignable to type 'string | undefined'.
  Type 'null' is not assignable to type 'string | undefined'.
resources/js/Pages/admin/Translations.tsx(404,49): error TS2322: Type 'ReactNode' is not assignable to type 'string | undefined'.
  Type 'null' is not assignable to type 'string | undefined'.
resources/js/Pages/admin/Translations.tsx(411,49): error TS2322: Type 'ReactNode' is not assignable to type 'string | undefined'.
  Type 'null' is not assignable to type 'string | undefined'.
resources/js/Pages/admin/Translations.tsx(427,49): error TS2322: Type 'ReactNode' is not assignable to type 'string | undefined'.
  Type 'null' is not assignable to type 'string | undefined'.
resources/js/Pages/admin/Translations.tsx(434,49): error TS2322: Type 'ReactNode' is not assignable to type 'string | undefined'.
  Type 'null' is not assignable to type 'string | undefined'.
resources/js/Pages/Auth/ForgotPassword.tsx(210,93): error TS2322: Type 'ReactNode' is not assignable to type 'string | TrustedHTML'.
  Type 'undefined' is not assignable to type 'string | TrustedHTML'.
resources/js/Pages/Auth/VerifyEmail.tsx(109,89): error TS2322: Type 'ReactNode' is not assignable to type 'string | TrustedHTML'.
  Type 'undefined' is not assignable to type 'string | TrustedHTML'.
resources/js/Pages/Customer/Profile.tsx(122,26): error TS2345: Argument of type 'ReactNode' is not assignable to parameter of type 'string'.
  Type 'undefined' is not assignable to type 'string'.
resources/js/Pages/Customer/Profile.tsx(126,35): error TS2345: Argument of type 'ReactNode' is not assignable to parameter of type 'string'.
  Type 'undefined' is not assignable to type 'string'.
resources/js/Pages/Customer/Profile.tsx(133,26): error TS2345: Argument of type 'ReactNode' is not assignable to parameter of type 'string'.
  Type 'undefined' is not assignable to type 'string'.
resources/js/Pages/Customer/Profile.tsx(138,35): error TS2345: Argument of type 'ReactNode' is not assignable to parameter of type 'string'.
  Type 'undefined' is not assignable to type 'string'.
resources/js/Pages/Customer/Profile.tsx(145,26): error TS2345: Argument of type 'ReactNode' is not assignable to parameter of type 'string'.
  Type 'undefined' is not assignable to type 'string'.
resources/js/Pages/Customer/Profile.tsx(151,35): error TS2345: Argument of type 'ReactNode' is not assignable to parameter of type 'string'.
  Type 'undefined' is not assignable to type 'string'.
resources/js/Pages/Customer/Profile.tsx(157,26): error TS2345: Argument of type 'ReactNode' is not assignable to parameter of type 'string'.
  Type 'undefined' is not assignable to type 'string'.
resources/js/Pages/Customer/Profile.tsx(160,35): error TS2345: Argument of type 'ReactNode' is not assignable to parameter of type 'string'.
  Type 'undefined' is not assignable to type 'string'.
resources/js/Pages/Customer/Profile.tsx(166,26): error TS2345: Argument of type 'ReactNode' is not assignable to parameter of type 'string'.
  Type 'undefined' is not assignable to type 'string'.
resources/js/Pages/Customer/Profile.tsx(169,35): error TS2345: Argument of type 'ReactNode' is not assignable to parameter of type 'string'.
  Type 'undefined' is not assignable to type 'string'.
resources/js/Pages/Customer/Profile.tsx(253,24): error TS2345: Argument of type 'ReactNode' is not assignable to parameter of type 'string'.
  Type 'undefined' is not assignable to type 'string'.
resources/js/Pages/Customer/Profile.tsx(264,28): error TS2345: Argument of type 'ReactNode' is not assignable to parameter of type 'string'.
  Type 'undefined' is not assignable to type 'string'.
resources/js/Pages/Customer/Profile.tsx(509,57): error TS2322: Type 'ReactNode' is not assignable to type 'string | undefined'.
  Type 'null' is not assignable to type 'string | undefined'.
resources/js/Pages/Customer/Profile.tsx(527,69): error TS2345: Argument of type 'ReactNode' is not assignable to parameter of type 'string | undefined'.
  Type 'null' is not assignable to type 'string | undefined'.
resources/js/Pages/Customer/Profile.tsx(631,53): error TS2322: Type 'ReactNode' is not assignable to type 'string | undefined'.
  Type 'null' is not assignable to type 'string | undefined'.
resources/js/Pages/Customer/Profile.tsx(700,53): error TS2322: Type 'ReactNode' is not assignable to type 'string | undefined'.
  Type 'null' is not assignable to type 'string | undefined'.
